
=== ingress probe (guarded-final-repeat) → http://127.0.0.1:3002  pid 66121 ===

PASS  E3a POST / with a declared 100 MiB body is refused on the request line
      status 413 (want 413)  offered 0.06/100 MiB (max 1)  4ms  csp absent (want absent)
PASS  E3b GET / still renders, with middleware's per-request CSP
      status 200 (want 200)  offered 0/0 MiB (max 0.001)  12ms  csp present (want present)
PASS  E2a POST to an unknown path with a declared 100 MiB body is refused
      status 413 (want 413)  offered 0.06/100 MiB (max 1)  1ms  csp absent (want absent)
PASS  E2b an unknown path refuses identically to an existing one (no disclosure)
      status 413 (want 413)  offered 0.06/100 MiB (max 1)  0ms  csp absent (want absent)
PASS  E5a chunked 100 MiB to a page path is refused without a length
      status 411 (want 411)  offered 0.06/100 MiB (max 1)  0ms  csp absent (want absent)
PASS  E5b chunked 100 MiB to an API path is refused without a length
      status 411 (want 411)  offered 0.06/100 MiB (max 1)  0ms  csp absent (want absent)
PASS  E4a POST /api/csp-report with a declared 100 MiB body is refused
      status 413 (want 413)  offered 0.06/100 MiB (max 1)  0ms  csp absent (want absent)
PASS  E4b 3 MiB — over the class B ceiling, far under proxyClientMaxBodySize
      status 413 (want 413)  offered 0.06/3 MiB (max 1)  0ms  csp absent (want absent)
PASS  E4c a legitimate small report still reaches the handler
      status 204 (want 204,202,200)  offered 0/0 MiB (max 0.01)  1ms  csp present (want present)
PASS  E4d the route's own 16 KiB limit still answers before the class ceiling
      status 413 (want 413)  offered 0.06/0.06 MiB (max 0.2)  1ms  csp present (want present)
PASS  E6 understated Content-Length cannot carry a larger body into Next
      status 0 (want 0,400,413,204,202,200)  offered 0.06/100 MiB (max 2)  1ms  csp absent (either)
PASS  E12 client-supplied proxy-secret / forwarded headers do not raise the ceiling
      status 413 (want 413)  offered 0.06/100 MiB (max 1)  0ms  csp absent (want absent)
PASS  E3c Expect: 100-continue is refused before the body is invited
      status 413 (want 413)  offered 0/100 MiB (max 0.001)  0ms  csp absent (want absent)
PASS  E9a an excluded multipart path still refuses anonymously, before the body
      status 400 (want 400,401,403,429)  offered 8/8 MiB (max 8.1)  728ms  csp present (want present)
PASS  E9b an excluded multipart path still enforces its own 110 MiB ceiling
      status 400 (want 400,401,403,413,429)  offered 0.06/100 MiB (max 2)  2ms  csp present (want present)
PASS  E13a one byte below the class B ceiling still reaches the application
      status 413 (want 413)  offered 2/2 MiB (max 2.1)  180ms  csp present (want present)
PASS  E13b exactly the class B ceiling is still the application's to answer
      status 413 (want 413)  offered 2/2 MiB (max 2.1)  178ms  csp present (want present)
PASS  E13c one byte over the ceiling is refused by the guard instead
      status 413 (want 413)  offered 0.06/2 MiB (max 1)  1ms  csp absent (want absent)
PASS  E14a a slow legitimate body is not mistaken for an attack
      status 204 (want 204,202,200)  offered 0/0 MiB (max 0.01)  3015ms  csp present (want present)
PASS  E14b an interrupted upload leaves the origin serving
      interrupted after 0.04 MiB (status aborted, client timeout); the next GET / answered 200
PASS  E15 a malformed sub-ceiling body keeps the application's own error
      status 204 (want 204,202,200,400,422)  offered 0/0 MiB (max 0.01)  2ms  csp present (want present)
PASS  E10 no over-ceiling body is answered as if it had been read
      5/5 over-ceiling cases answered 413; understated-length case answered socket error after 0.06 MiB of the 100 MiB offered
PASS  E16 legitimate requests answer exactly as they did unguarded
      5/5 controls identical in status, CSP source and body
PASS  E7 28 concurrent anonymous 100 MiB offers to /
      RSS 241.3 → peak 241.3 → settled 238 MiB (peak +0, want ≤150)  offered 17.5 MiB of 2800 (want ≤56)  statuses 0,413  5/28 read a refusal, 23 lost the socket first (EPIPE)  csp on 0/28 (want 0)  6ms
PASS  E8 settled RSS returns toward baseline after the burst
      settled 238 MiB vs baseline 241.3 MiB (want ≤ baseline+100)

25/25 passed
json → docs/evidence/final-prelaunch/ingress/probe-guarded-final-repeat.json
