
=== ingress probe (baseline-unguarded) → http://127.0.0.1:3002  pid 2528 ===

FAIL  E3a POST / with a declared 100 MiB body is refused on the request line
      status 200 (want 413)  offered 100/100 MiB (max 1)  9196ms  csp present (want absent)
PASS  E3b GET / still renders, with middleware's per-request CSP
      status 200 (want 200)  offered 0/0 MiB (max 0.001)  14ms  csp present (want present)
FAIL  E2a POST to an unknown path with a declared 100 MiB body is refused
      status 404 (want 413)  offered 100/100 MiB (max 1)  9175ms  csp present (want absent)
FAIL  E2b an unknown path refuses identically to an existing one (no disclosure)
      status 307 (want 413)  offered 100/100 MiB (max 1)  9093ms  csp present (want absent)
FAIL  E5a chunked 100 MiB to a page path is refused without a length
      status 200 (want 411)  offered 100/100 MiB (max 1)  9257ms  csp present (want absent)
FAIL  E5b chunked 100 MiB to an API path is refused without a length
      status 413 (want 411)  offered 100/100 MiB (max 1)  9222ms  csp present (want absent)
FAIL  E4a POST /api/csp-report with a declared 100 MiB body is refused
      status 413 (want 413)  offered 100/100 MiB (max 1)  9238ms  csp present (want absent)
FAIL  E4b 3 MiB — over the class B ceiling, far under proxyClientMaxBodySize
      status 413 (want 413)  offered 3/3 MiB (max 1)  277ms  csp present (want absent)
PASS  E4c a legitimate small report still reaches the handler
      status 204 (want 204,202,200)  offered 0/0 MiB (max 0.01)  6ms  csp present (want present)
PASS  E4d the route's own 16 KiB limit still answers before the class ceiling
      status 413 (want 413)  offered 0.06/0.06 MiB (max 0.2)  3ms  csp present (want present)
PASS  E6 understated Content-Length cannot carry a larger body into Next
      status 0 (want 0,400,413,204,202,200)  offered 0.06/100 MiB (max 2)  2ms  csp absent (either)
FAIL  E12 client-supplied proxy-secret / forwarded headers do not raise the ceiling
      status 200 (want 413)  offered 100/100 MiB (max 1)  9263ms  csp present (want absent)
FAIL  E3c Expect: 100-continue is refused before the body is invited
      status 200 (want 413)  offered 100/100 MiB (max 0.001)  9253ms  csp present (want absent)
PASS  E9a an excluded multipart path still refuses anonymously, before the body
      status 400 (want 400,401,403,429)  offered 8/8 MiB (max 8.1)  736ms  csp present (want present)
PASS  E9b an excluded multipart path still enforces its own 110 MiB ceiling
      status 400 (want 400,401,403,413,429)  offered 0.06/100 MiB (max 2)  4ms  csp present (want present)
FAIL  E10 no over-ceiling body is answered as if it had been read
      2/5 over-ceiling cases answered 413 — E3a:200, E2a:404, E2b:307 answered from Next instead; understated-length case answered socket error after 0.06 MiB of the 100 MiB offered
FAIL  E7 28 concurrent anonymous 100 MiB offers to /
      RSS 3340.4 → peak 4168.9 → settled 4169.8 MiB (peak +828, want ≤150)  offered 2800 MiB of 2800 (want ≤56)  statuses 200  csp on 28/28  778ms
FAIL  E8 settled RSS returns toward baseline after the burst
      settled 4169.8 MiB vs baseline 3340.4 MiB (want ≤ baseline+100)

6/18 passed  FAILED: E3a, E2a, E2b, E5a, E5b, E4a, E4b, E12, E3c, E10, E7, E8
json → docs/evidence/final-prelaunch/ingress/probe-baseline-unguarded.json
