
artifact under test: http://127.0.0.1:3002 (also via https://172.20.10.2:3001)
origin header:      https://172.20.10.2:3001
rows at run start:  {"document_records":4,"document_versions":5,"attachment_records":1,"audit_logs":10,"stored_files":10,"document_ingestions":4,"workspace_save_intents":0,"storageFiles":2}
server RSS at start: 230.3 MiB

throwaway account ready: workspace cmtoa9xrd000vuo0puetpfk8f, document cmtoa9xrq0010uo0pk95nty5h

PASS  L0 control: a signed-in 8 MiB upload IS parsed, so it answers only after the last chunk
      201 in 5305ms, sent 8.00/8.00 MiB — the whole body had to arrive first, at 64 KiB every 40ms
PASS  L1 anonymous 8 MiB -> 401 with the body still arriving (attachments, direct)
      401 in 4ms, sent 0.06/8.00 MiB · "Authentication is required." · cache-control no-store
PASS  L1 anonymous 8 MiB -> 401 with the body still arriving (documents/upload, direct)
      401 in 1ms, sent 0.06/8.00 MiB · "Authentication is required." · cache-control no-store
PASS  L1 anonymous 8 MiB -> 401 with the body still arriving (versions/upload, direct)
      401 in 2ms, sent 0.06/8.00 MiB · "Authentication is required." · cache-control no-store
PASS  L1 anonymous 8 MiB -> 401 with the body still arriving (attachments, TLS front)
      401 in 10ms, sent 0.06/8.00 MiB · "Authentication is required." · cache-control no-store
PASS  L1 anonymous 8 MiB -> 401 with the body still arriving (documents/upload, TLS front)
      401 in 3ms, sent 0.06/8.00 MiB · "Authentication is required." · cache-control no-store
PASS  L1 anonymous 8 MiB -> 401 with the body still arriving (versions/upload, TLS front)
      401 in 3ms, sent 0.06/8.00 MiB · "Authentication is required." · cache-control no-store
PASS  L2 declared 200 MiB -> 413 before the body (attachments)
      413 in 1ms · "This attachment is too large." · cache-control no-store
PASS  L2 declared 200 MiB -> 413 before the body (documents/upload)
      413 in 1ms · "Upload too large." · cache-control no-store
PASS  L2 declared 200 MiB -> 413 before the body (versions/upload)
      413 in 1ms · "Upload too large." · cache-control no-store
PASS  L5 foreign origin -> 403 with the body still arriving (attachments)
      403 in 1ms, sent 0.06/8.00 MiB · "CSRF_ORIGIN_REJECTED" · cache-control no-store
PASS  L5 foreign origin -> 403 with the body still arriving (documents/upload)
      403 in 1ms, sent 0.06/8.00 MiB · "CSRF_ORIGIN_REJECTED" · cache-control no-store
PASS  L5 foreign origin -> 403 with the body still arriving (versions/upload)
      403 in 1ms, sent 0.06/8.00 MiB · "CSRF_ORIGIN_REJECTED" · cache-control no-store
PASS  L6 application/json -> 415 (attachments)
      415 · "Expected a multipart/form-data upload." · cache-control no-store
PASS  L6 application/json -> 415 (documents/upload)
      415 · "Expected a multipart/form-data upload." · cache-control no-store
PASS  L6 application/json -> 415 (versions/upload)
      415 · "Expected a multipart/form-data upload." · cache-control no-store
PASS  L11 8 concurrent anonymous 8 MiB (64 MiB offered) -> all 401, RSS bounded
      statuses 401 · sent 0.5 of 64.0 MiB · RSS 259.5 -> peak 259.5 -> 259.9 MiB
PASS  L12 Expect: 100-continue on an over-ceiling declared length
      100 Continue after 1ms (by the runtime, not the route) · final 413 in 3ms · "PAYLOAD_TOO_LARGE"
PASS  L13 no storage, database, ingestion, version or audit row from any anonymous request
      all 8 counters unchanged: {"document_records":6,"document_versions":7,"attachment_records":1,"audit_logs":13,"stored_files":12,"document_ingestions":6,"workspace_save_intents":0,"storageFiles":4}
PASS  L3 authenticated, chunked 26 MiB, NO Content-Length -> 413 from the stream, RSS bounded
      413 in 1569ms, sent 25.50/26.00 MiB · "This attachment is too large." · RSS 259.9 -> peak 260.4 MiB
PASS  L4 authenticated, declares 1 KiB and sends 26 MiB -> never served
      0 in 4ms · "" · the framing layer reads only the declared 1024 bytes, so understating buys a truncated body, not a bigger parse
PASS  L7 a raw quote in the filename -> 400 MALFORMED_MULTIPART (attachments)
      400 · {"code":"MALFORMED_MULTIPART","message":"Malformed multipart body."} · cache-control no-store
PASS  L7 a raw quote in the filename -> 400 MALFORMED_MULTIPART (documents/upload)
      400 · {"code":"MALFORMED_MULTIPART","message":"Malformed multipart body."} · cache-control no-store
PASS  L7 a raw quote in the filename -> 400 MALFORMED_MULTIPART (versions/upload)
      400 · {"code":"MALFORMED_MULTIPART","message":"Malformed multipart body."} · cache-control no-store
PASS  L7b all three routes answer the same bytes identically (the old 422-vs-400 split)
      400 MALFORMED_MULTIPART Malformed multipart body.
PASS  L10 a signed-in 64 KiB upload succeeds and the stored bytes match (attachments)
      201 in 7ms · sha256 100730176a91… found in stored_files, size 65580 = sent 65580 · cache-control (absent)
PASS  L10 a signed-in 64 KiB upload succeeds and the stored bytes match (documents/upload)
      201 in 6ms · sha256 4105723e8e8a… found in stored_files, size 65580 = sent 65580 · cache-control no-store
PASS  L10 a signed-in 64 KiB upload succeeds and the stored bytes match (versions/upload)
      201 in 6ms · sha256 73a49a89ba1a… found in stored_files, size 65580 = sent 65580 · cache-control no-store
PASS  L8 anonymous flood -> 429 with a truthful Retry-After
      429 on attempt 227 · Retry-After 58 (window 60s, +1ms honesty margin => 61 is the ceiling) · "Too many uploads. Please wait and try again." · cache-control no-store
PASS  L8b an 8 MiB body offered while rate limited is refused unread
      429 in 0ms, sent 0.06/8.00 MiB
PASS  L8c a signed-in caller is unaffected by the anonymous flood (separate bucket)
      201 · "accepted"
      (waiting 58s — exactly the Retry-After the server named)
PASS  L9 obeying Retry-After to the second is enough: the next attempt is not 429
      401 after 58s · "UNAUTHORIZED"

rows at run end: {"document_records":8,"document_versions":10,"attachment_records":2,"audit_logs":16,"stored_files":16,"document_ingestions":8,"workspace_save_intents":0,"storageFiles":8}
whole-run delta: {"document_records":4,"document_versions":5,"attachment_records":1,"audit_logs":6,"stored_files":6,"document_ingestions":4,"storageFiles":6} (the throwaway account's own uploads)
server RSS at end: 258.1 MiB

32/32 checks passed
wrote docs/evidence/final-prelaunch/ingress/upload-abuse-final.json
