===== MUTATION U — the malformed-body guard and the unlogged 500 =====
Rerun 2026-09-04T01:52:03Z against the COMMITTED baseline 388e8af.
The first run of these three was valid RED but its reverts restored the
PRE-fix code, because the fix was not committed yet — a revert can only
restore what Git holds. Rerun so 'reverted through Git' means the fix.
--- baseline HEAD: 388e8af · tree: 1 modified files

--- U1 remove the guard from lib/server/toolJobSubmit.ts (back to a bare parse)
     Test Files  1 failed (1)
          Tests  1 failed | 31 passed (32)
    reverted: lib/server/toolJobSubmit.ts · still modified in tree: 0

--- U2 keep the guard, throw the wrong error type (a 500 again via the generic catch)
     Test Files  1 failed (1)
          Tests  1 failed | 31 passed (32)
    reverted: lib/server/processingJobSubmit.ts · still modified in tree: 0

--- U3 remove the log line from the shared unclassified-500 helper
     Test Files  1 failed (1)
          Tests  2 failed | 4 passed (6)
    reverted: lib/server/processingJobApi.ts · still modified in tree: 0

--- after all three: tree modified files = 1 — the SAME 1 as the baseline line above
    (an untracked-adjacent docs edit, not source); every mutated source file is back
--- the fix is back in place: lib/server/processingJobSubmit.ts:1 lib/server/toolJobSubmit.ts:2  1 log site
    green again:  Test Files  2 passed (2)
    green again:       Tests  38 passed (38)
