M7.0 isolated production build diagnostic
timestamp=20260801-123430
cwd=/d/AndroidStudioProjects/Backup/PDFMaster
command=npm run build
node=C:/Users/Faisal Arifi/.workbuddy/binaries/node/versions/22.22.2/node.exe
policy=foreground retained output; ten-minute ceiling
--- build output ---

> pdfdadi@0.1.0 build
> prisma generate && next build

warn The configuration property `package.json#prisma` is deprecated and will be removed in Prisma 7. Please migrate to a Prisma config file (e.g., `prisma.config.ts`).
For more information, see: https://pris.ly/prisma-config

Environment variables loaded from .env
Prisma schema loaded from prisma\schema.prisma

✔ Generated Prisma Client (v6.19.3) to .\node_modules\@prisma\client in 3.93s

Start by importing your Prisma Client (See: https://pris.ly/d/importing-client)

Tip: Want to turn off tips and other hints? https://pris.ly/tip-4-nohints

▲ Next.js 16.2.12 (Turbopack)
- Environments: .env

  Creating an optimized production build ...
✓ Compiled successfully in 11.0s
  Running TypeScript ...
  Finished TypeScript in 9.5s ...
  Collecting page data using 11 workers ...
  Generating static pages using 11 workers (0/105) ...
  Generating static pages using 11 workers (26/105) 
  Generating static pages using 11 workers (52/105) 
  Generating static pages using 11 workers (78/105) 
✓ Generating static pages using 11 workers (105/105) in 2.6s
  Finalizing page optimization ...

Route (app)
┌ ○ /
├ ○ /_not-found
├ ○ /about
├ ○ /admin
├ ○ /admin/ai-tools
├ ○ /admin/blog
├ ○ /admin/faq
├ ○ /admin/features
├ ƒ /admin/login
├ ○ /admin/nav
├ ○ /admin/pages
├ ○ /admin/pricing
├ ○ /admin/seo
├ ○ /admin/server-tools
├ ƒ /admin/setup
├ ○ /admin/site
├ ○ /admin/tools
├ ○ /admin/tools/categories
├ ○ /admin/trust
├ ○ /admin/use-cases
├ ƒ /api/admin/ai-tools/[id]
├ ƒ /api/admin/blog/[slug]
├ ƒ /api/admin/blog/author
├ ƒ /api/admin/faq/[id]
├ ƒ /api/admin/features/[id]
├ ƒ /api/admin/login
├ ƒ /api/admin/logout
├ ƒ /api/admin/nav
├ ƒ /api/admin/pages/[key]
├ ƒ /api/admin/password
├ ƒ /api/admin/pricing/[id]
├ ƒ /api/admin/reorder
├ ƒ /api/admin/seo
├ ƒ /api/admin/server-tools/[slug]
├ ƒ /api/admin/setup
├ ƒ /api/admin/site
├ ƒ /api/admin/store
├ ƒ /api/admin/tool-categories/[id]
├ ƒ /api/admin/tools
├ ƒ /api/admin/tools/[slug]
├ ƒ /api/admin/tools/bulk
├ ƒ /api/admin/trust/[id]
├ ƒ /api/admin/use-cases/[id]
├ ƒ /api/auth/login
├ ƒ /api/auth/logout
├ ƒ /api/auth/me
├ ƒ /api/auth/register
├ ƒ /api/health
├ ƒ /api/health/dependencies
├ ƒ /api/health/ready
├ ƒ /api/jobs
├ ƒ /api/jobs/[id]
├ ƒ /api/jobs/[id]/cancel
├ ƒ /api/jobs/[id]/download
├ ƒ /api/jobs/[id]/progress
├ ƒ /api/storage/file
├ ƒ /api/storage/multipart
├ ƒ /api/storage/multipart/[...segments]
├ ƒ /api/tools/[slug]
├ ○ /blog
├ ● /blog/[slug]
│ ├ /blog/how-to-merge-pdf-files-online
│ ├ /blog/how-to-compress-a-pdf-for-email
│ ├ /blog/how-to-protect-private-documents
│ └ [+6 more paths]
├ ● /blog/-/opengraph-image
│ ├ /blog/how-to-merge-pdf-files-online/opengraph-image
│ ├ /blog/how-to-compress-a-pdf-for-email/opengraph-image
│ ├ /blog/how-to-protect-private-documents/opengraph-image
│ └ [+6 more paths]
├ ƒ /brand-logo
├ ○ /contact
├ ○ /editor
├ ○ /icon
├ ○ /opengraph-image
├ ○ /pricing
├ ○ /privacy-policy
├ ○ /robots.txt
├ ƒ /server-status
├ ○ /sitemap.xml
├ ○ /terms
├ ○ /tools
├ ● /tools/[slug]
│ ├ /tools/compress-pdf
│ ├ /tools/repair-pdf
│ ├ /tools/ocr-pdf
│ └ [+24 more paths]
├ ○ /tools/add-page-numbers
├ ○ /tools/add-watermark
├ ○ /tools/annotate-pdf
├ ○ /tools/crop-pdf
├ ○ /tools/delete-pdf-pages
├ ○ /tools/edit-pdf
├ ○ /tools/extract-pdf-pages
├ ○ /tools/fill-pdf-forms
├ ○ /tools/image-to-pdf
├ ○ /tools/jpg-to-pdf
├ ○ /tools/merge-pdf
├ ○ /tools/organize-pdf
├ ○ /tools/png-to-pdf
├ ○ /tools/remove-pdf-metadata
├ ○ /tools/reorder-pdf-pages
├ ○ /tools/rotate-pdf
├ ○ /tools/sign-pdf
└ ○ /tools/split-pdf


ƒ Proxy (Middleware)

○  (Static)   prerendered as static content
●  (SSG)      prerendered as static HTML (uses generateStaticParams)
ƒ  (Dynamic)  server-rendered on demand


exit_code=0
